Archive member included to satisfy reference by file (symbol)

d:/clion_stm32/gcc_arm_none_eabi/gcc-arm-none-eabi-10.3-2021.10/bin/../lib/gcc/arm-none-eabi/10.3.1/../../../../arm-none-eabi/lib/thumb/v7-m/nofp\libg.a(lib_a-errno.o)
                              CMakeFiles/oled.elf.dir/Core/Src/syscalls.c.obj (__errno)
d:/clion_stm32/gcc_arm_none_eabi/gcc-arm-none-eabi-10.3-2021.10/bin/../lib/gcc/arm-none-eabi/10.3.1/../../../../arm-none-eabi/lib/thumb/v7-m/nofp\libg.a(lib_a-exit.o)
                              d:/clion_stm32/gcc_arm_none_eabi/gcc-arm-none-eabi-10.3-2021.10/bin/../lib/gcc/arm-none-eabi/10.3.1/../../../../arm-none-eabi/lib/thumb/v7-m/nofp/crt0.o (exit)
d:/clion_stm32/gcc_arm_none_eabi/gcc-arm-none-eabi-10.3-2021.10/bin/../lib/gcc/arm-none-eabi/10.3.1/../../../../arm-none-eabi/lib/thumb/v7-m/nofp\libg.a(lib_a-impure.o)
                              d:/clion_stm32/gcc_arm_none_eabi/gcc-arm-none-eabi-10.3-2021.10/bin/../lib/gcc/arm-none-eabi/10.3.1/../../../../arm-none-eabi/lib/thumb/v7-m/nofp\libg.a(lib_a-exit.o) (_global_impure_ptr)
d:/clion_stm32/gcc_arm_none_eabi/gcc-arm-none-eabi-10.3-2021.10/bin/../lib/gcc/arm-none-eabi/10.3.1/../../../../arm-none-eabi/lib/thumb/v7-m/nofp\libg.a(lib_a-init.o)
                              d:/clion_stm32/gcc_arm_none_eabi/gcc-arm-none-eabi-10.3-2021.10/bin/../lib/gcc/arm-none-eabi/10.3.1/../../../../arm-none-eabi/lib/thumb/v7-m/nofp/crt0.o (__libc_init_array)
d:/clion_stm32/gcc_arm_none_eabi/gcc-arm-none-eabi-10.3-2021.10/bin/../lib/gcc/arm-none-eabi/10.3.1/../../../../arm-none-eabi/lib/thumb/v7-m/nofp\libg.a(lib_a-memset.o)
                              d:/clion_stm32/gcc_arm_none_eabi/gcc-arm-none-eabi-10.3-2021.10/bin/../lib/gcc/arm-none-eabi/10.3.1/../../../../arm-none-eabi/lib/thumb/v7-m/nofp/crt0.o (memset)
d:/clion_stm32/gcc_arm_none_eabi/gcc-arm-none-eabi-10.3-2021.10/bin/../lib/gcc/arm-none-eabi/10.3.1/../../../../arm-none-eabi/lib/thumb/v7-m/nofp\libg.a(lib_a-__call_atexit.o)
                              d:/clion_stm32/gcc_arm_none_eabi/gcc-arm-none-eabi-10.3-2021.10/bin/../lib/gcc/arm-none-eabi/10.3.1/../../../../arm-none-eabi/lib/thumb/v7-m/nofp\libg.a(lib_a-exit.o) (__call_exitprocs)
d:/clion_stm32/gcc_arm_none_eabi/gcc-arm-none-eabi-10.3-2021.10/bin/../lib/gcc/arm-none-eabi/10.3.1/../../../../arm-none-eabi/lib/thumb/v7-m/nofp\libg.a(lib_a-atexit.o)
                              d:/clion_stm32/gcc_arm_none_eabi/gcc-arm-none-eabi-10.3-2021.10/bin/../lib/gcc/arm-none-eabi/10.3.1/../../../../arm-none-eabi/lib/thumb/v7-m/nofp\libg.a(lib_a-__call_atexit.o) (atexit)
d:/clion_stm32/gcc_arm_none_eabi/gcc-arm-none-eabi-10.3-2021.10/bin/../lib/gcc/arm-none-eabi/10.3.1/../../../../arm-none-eabi/lib/thumb/v7-m/nofp\libg.a(lib_a-fini.o)
                              d:/clion_stm32/gcc_arm_none_eabi/gcc-arm-none-eabi-10.3-2021.10/bin/../lib/gcc/arm-none-eabi/10.3.1/../../../../arm-none-eabi/lib/thumb/v7-m/nofp\libg.a(lib_a-__call_atexit.o) (__libc_fini_array)
d:/clion_stm32/gcc_arm_none_eabi/gcc-arm-none-eabi-10.3-2021.10/bin/../lib/gcc/arm-none-eabi/10.3.1/../../../../arm-none-eabi/lib/thumb/v7-m/nofp\libg.a(lib_a-lock.o)
                              d:/clion_stm32/gcc_arm_none_eabi/gcc-arm-none-eabi-10.3-2021.10/bin/../lib/gcc/arm-none-eabi/10.3.1/../../../../arm-none-eabi/lib/thumb/v7-m/nofp\libg.a(lib_a-__call_atexit.o) (__retarget_lock_acquire_recursive)
d:/clion_stm32/gcc_arm_none_eabi/gcc-arm-none-eabi-10.3-2021.10/bin/../lib/gcc/arm-none-eabi/10.3.1/../../../../arm-none-eabi/lib/thumb/v7-m/nofp\libg.a(lib_a-__atexit.o)
                              d:/clion_stm32/gcc_arm_none_eabi/gcc-arm-none-eabi-10.3-2021.10/bin/../lib/gcc/arm-none-eabi/10.3.1/../../../../arm-none-eabi/lib/thumb/v7-m/nofp\libg.a(lib_a-atexit.o) (__register_exitproc)

Discarded input sections

 .text          0x00000000        0x0 d:/clion_stm32/gcc_arm_none_eabi/gcc-arm-none-eabi-10.3-2021.10/bin/../lib/gcc/arm-none-eabi/10.3.1/thumb/v7-m/nofp/crti.o
 .data          0x00000000        0x0 d:/clion_stm32/gcc_arm_none_eabi/gcc-arm-none-eabi-10.3-2021.10/bin/../lib/gcc/arm-none-eabi/10.3.1/thumb/v7-m/nofp/crti.o
 .bss           0x00000000        0x0 d:/clion_stm32/gcc_arm_none_eabi/gcc-arm-none-eabi-10.3-2021.10/bin/../lib/gcc/arm-none-eabi/10.3.1/thumb/v7-m/nofp/crti.o
 .data          0x00000000        0x4 d:/clion_stm32/gcc_arm_none_eabi/gcc-arm-none-eabi-10.3-2021.10/bin/../lib/gcc/arm-none-eabi/10.3.1/thumb/v7-m/nofp/crtbegin.o
 .rodata        0x00000000       0x24 d:/clion_stm32/gcc_arm_none_eabi/gcc-arm-none-eabi-10.3-2021.10/bin/../lib/gcc/arm-none-eabi/10.3.1/thumb/v7-m/nofp/crtbegin.o
 .text          0x00000000       0x7c d:/clion_stm32/gcc_arm_none_eabi/gcc-arm-none-eabi-10.3-2021.10/bin/../lib/gcc/arm-none-eabi/10.3.1/../../../../arm-none-eabi/lib/thumb/v7-m/nofp/crt0.o
 .data          0x00000000        0x0 d:/clion_stm32/gcc_arm_none_eabi/gcc-arm-none-eabi-10.3-2021.10/bin/../lib/gcc/arm-none-eabi/10.3.1/../../../../arm-none-eabi/lib/thumb/v7-m/nofp/crt0.o
[...]
Memory Configuration

Name             Origin             Length             Attributes
RAM              0x20000000         0x0000c000         xrw
FLASH            0x08000000         0x00040000         xr
*default*        0x00000000         0xffffffff

Linker script and memory map

LOAD d:/clion_stm32/gcc_arm_none_eabi/gcc-arm-none-eabi-10.3-2021.10/bin/../lib/gcc/arm-none-eabi/10.3.1/thumb/v7-m/nofp/crti.o
LOAD d:/clion_stm32/gcc_arm_none_eabi/gcc-arm-none-eabi-10.3-2021.10/bin/../lib/gcc/arm-none-eabi/10.3.1/thumb/v7-m/nofp/crtbegin.o
LOAD d:/clion_stm32/gcc_arm_none_eabi/gcc-arm-none-eabi-10.3-2021.10/bin/../lib/gcc/arm-none-eabi/10.3.1/../../../../arm-none-eabi/lib/thumb/v7-m/nofp/crt0.o
LOAD CMakeFiles/oled.elf.dir/Core/OLED/oled.c.obj
LOAD CMakeFiles/oled.elf.dir/Core/Src/gpio.c.obj
LOAD CMakeFiles/oled.elf.dir/Core/Src/main.c.obj
LOAD CMakeFiles/oled.elf.dir/Core/Src/stm32f1xx_hal_msp.c.obj
LOAD CMakeFiles/oled.elf.dir/Core/Src/stm32f1xx_it.c.obj
LOAD CMakeFiles/oled.elf.dir/Core/Src/syscalls.c.obj
LOAD CMakeFiles/oled.elf.dir/Core/Src/sysmem.c.obj
LOAD CMakeFiles/oled.elf.dir/Core/Src/system_stm32f1xx.c.obj
LOAD CMakeFiles/oled.elf.dir/Core/Startup/startup_stm32f103rctx.s.obj
LOAD CMakeFiles/oled.elf.dir/Drivers/STM32F1xx_HAL_Driver/Src/stm32f1xx_hal.c.obj
LOAD CMakeFiles/oled.elf.dir/Drivers/STM32F1xx_HAL_Driver/Src/stm32f1xx_hal_cortex.c.obj
LOAD CMakeFiles/oled.elf.dir/Drivers/STM32F1xx_HAL_Driver/Src/stm32f1xx_hal_dma.c.obj
LOAD CMakeFiles/oled.elf.dir/Drivers/STM32F1xx_HAL_Driver/Src/stm32f1xx_hal_exti.c.obj
LOAD CMakeFiles/oled.elf.dir/Drivers/STM32F1xx_HAL_Driver/Src/stm32f1xx_hal_flash.c.obj
LOAD CMakeFiles/oled.elf.dir/Drivers/STM32F1xx_HAL_Driver/Src/stm32f1xx_hal_flash_ex.c.obj
LOAD CMakeFiles/oled.elf.dir/Drivers/STM32F1xx_HAL_Driver/Src/stm32f1xx_hal_gpio.c.obj
LOAD CMakeFiles/oled.elf.dir/Drivers/STM32F1xx_HAL_Driver/Src/stm32f1xx_hal_gpio_ex.c.obj
LOAD CMakeFiles/oled.elf.dir/Drivers/STM32F1xx_HAL_Driver/Src/stm32f1xx_hal_pwr.c.obj
LOAD CMakeFiles/oled.elf.dir/Drivers/STM32F1xx_HAL_Driver/Src/stm32f1xx_hal_rcc.c.obj
LOAD CMakeFiles/oled.elf.dir/Drivers/STM32F1xx_HAL_Driver/Src/stm32f1xx_hal_rcc_ex.c.obj
LOAD CMakeFiles/oled.elf.dir/Drivers/STM32F1xx_HAL_Driver/Src/stm32f1xx_hal_tim.c.obj
LOAD CMakeFiles/oled.elf.dir/Drivers/STM32F1xx_HAL_Driver/Src/stm32f1xx_hal_tim_ex.c.obj
START GROUP
LOAD d:/clion_stm32/gcc_arm_none_eabi/gcc-arm-none-eabi-10.3-2021.10/bin/../lib/gcc/arm-none-eabi/10.3.1/thumb/v7-m/nofp\libgcc.a
LOAD d:/clion_stm32/gcc_arm_none_eabi/gcc-arm-none-eabi-10.3-2021.10/bin/../lib/gcc/arm-none-eabi/10.3.1/../../../../arm-none-eabi/lib/thumb/v7-m/nofp\libg.a
LOAD d:/clion_stm32/gcc_arm_none_eabi/gcc-arm-none-eabi-10.3-2021.10/bin/../lib/gcc/arm-none-eabi/10.3.1/../../../../arm-none-eabi/lib/thumb/v7-m/nofp\libc.a
END GROUP
LOAD d:/clion_stm32/gcc_arm_none_eabi/gcc-arm-none-eabi-10.3-2021.10/bin/../lib/gcc/arm-none-eabi/10.3.1/thumb/v7-m/nofp/crtend.o
LOAD d:/clion_stm32/gcc_arm_none_eabi/gcc-arm-none-eabi-10.3-2021.10/bin/../lib/gcc/arm-none-eabi/10.3.1/thumb/v7-m/nofp/crtn.o
                0x2000c000                _estack = (ORIGIN (RAM) + LENGTH (RAM))
                0x00000200                _Min_Heap_Size = 0x200
                0x00000400                _Min_Stack_Size = 0x400

.isr_vector     0x08000000      0x1e4
                0x08000000                . = ALIGN (0x4)
 *(.isr_vector)
 .isr_vector    0x08000000      0x1e4 CMakeFiles/oled.elf.dir/Core/Startup/startup_stm32f103rctx.s.obj
                0x08000000                g_pfnVectors
                0x080001e4                . = ALIGN (0x4)

.text           0x080001e4     0x1118
                0x080001e4                . = ALIGN (0x4)
 *(.text)
 .text          0x080001e4       0x40 d:/clion_stm32/gcc_arm_none_eabi/gcc-arm-none-eabi-10.3-2021.10/bin/../lib/gcc/arm-none-eabi/10.3.1/thumb/v7-m/nofp/crtbegin.o
 *(.text*)
 .text.OLED_I2C_Init
                0x08000224       0x64 CMakeFiles/oled.elf.dir/Core/OLED/oled.c.obj
                0x08000224                OLED_I2C_Init
 .text.OLED_I2C_Start
                0x08000288       0x34 CMakeFiles/oled.elf.dir/Core/OLED/oled.c.obj
                0x08000288                OLED_I2C_Start
 .text.OLED_I2C_Stop
                0x080002bc       0x28 CMakeFiles/oled.elf.dir/Core/OLED/oled.c.obj
                0x080002bc                OLED_I2C_Stop
 .text.OLED_I2C_SendByte
                0x080002e4       0x50 CMakeFiles/oled.elf.dir/Core/OLED/oled.c.obj
                0x080002e4                OLED_I2C_SendByte
 .text.OLED_WriteCommand
                0x08000334       0x20 CMakeFiles/oled.elf.dir/Core/OLED/oled.c.obj
                0x08000334                OLED_WriteCommand
 .text.OLED_WriteData
                0x08000354       0x20 CMakeFiles/oled.elf.dir/Core/OLED/oled.c.obj
                0x08000354                OLED_WriteData
 .text.OLED_SetCursor
                0x08000374       0x20 CMakeFiles/oled.elf.dir/Core/OLED/oled.c.obj
                0x08000374                OLED_SetCursor
 .text.OLED_Clear
                0x08000394       0x2c CMakeFiles/oled.elf.dir/Core/OLED/oled.c.obj
                0x08000394                OLED_Clear
 .text.OLED_ShowChar
                0x080003c0       0x64 CMakeFiles/oled.elf.dir/Core/OLED/oled.c.obj
                0x080003c0                OLED_ShowChar
 .text.OLED_Pow
                0x08000424       0x14 CMakeFiles/oled.elf.dir/Core/OLED/oled.c.obj
                0x08000424                OLED_Pow
 .text.OLED_ShowNum
                0x08000438       0x50 CMakeFiles/oled.elf.dir/Core/OLED/oled.c.obj
                0x08000438                OLED_ShowNum
 .text.OLED_Init
                0x08000488       0xae CMakeFiles/oled.elf.dir/Core/OLED/oled.c.obj
                0x08000488                OLED_Init
 *fill*         0x08000536        0x2 
 .text.MX_GPIO_Init
                0x08000538       0xac CMakeFiles/oled.elf.dir/Core/Src/gpio.c.obj
                0x08000538                MX_GPIO_Init
 .text.Error_Handler
                0x080005e4        0x4 CMakeFiles/oled.elf.dir/Core/Src/main.c.obj
                0x080005e4                Error_Handler
 .text.SystemClock_Config
                0x080005e8       0x64 CMakeFiles/oled.elf.dir/Core/Src/main.c.obj
                0x080005e8                SystemClock_Config
 .text.main     0x0800064c       0x60 CMakeFiles/oled.elf.dir/Core/Src/main.c.obj
                0x0800064c                main
 .text.HAL_MspInit
                0x080006ac       0x44 CMakeFiles/oled.elf.dir/Core/Src/stm32f1xx_hal_msp.c.obj
                0x080006ac                HAL_MspInit
 .text.NMI_Handler
                0x080006f0        0x2 CMakeFiles/oled.elf.dir/Core/Src/stm32f1xx_it.c.obj
                0x080006f0                NMI_Handler
 .text.HardFault_Handler
                0x080006f2        0x2 CMakeFiles/oled.elf.dir/Core/Src/stm32f1xx_it.c.obj
                0x080006f2                HardFault_Handler
 .text.MemManage_Handler
                0x080006f4        0x2 CMakeFiles/oled.elf.dir/Core/Src/stm32f1xx_it.c.obj
                0x080006f4                MemManage_Handler
 .text.BusFault_Handler
                0x080006f6        0x2 CMakeFiles/oled.elf.dir/Core/Src/stm32f1xx_it.c.obj
                0x080006f6                BusFault_Handler
 .text.UsageFault_Handler
                0x080006f8        0x2 CMakeFiles/oled.elf.dir/Core/Src/stm32f1xx_it.c.obj
                0x080006f8                UsageFault_Handler
 .text.SVC_Handler
                0x080006fa        0x2 CMakeFiles/oled.elf.dir/Core/Src/stm32f1xx_it.c.obj
                0x080006fa                SVC_Handler
 .text.DebugMon_Handler
                0x080006fc        0x2 CMakeFiles/oled.elf.dir/Core/Src/stm32f1xx_it.c.obj
                0x080006fc                DebugMon_Handler
 .text.PendSV_Handler
                0x080006fe        0x2 CMakeFiles/oled.elf.dir/Core/Src/stm32f1xx_it.c.obj
                0x080006fe                PendSV_Handler
 .text.SysTick_Handler
                0x08000700        0x8 CMakeFiles/oled.elf.dir/Core/Src/stm32f1xx_it.c.obj
                0x08000700                SysTick_Handler
 .text.SystemInit
                0x08000708        0x2 CMakeFiles/oled.elf.dir/Core/Src/system_stm32f1xx.c.obj
                0x08000708                SystemInit
 *fill*         0x0800070a        0x2 
 .text.Reset_Handler
                0x0800070c       0x48 CMakeFiles/oled.elf.dir/Core/Startup/startup_stm32f103rctx.s.obj
                0x0800070c                Reset_Handler
 .text.Default_Handler
                0x08000754        0x2 CMakeFiles/oled.elf.dir/Core/Startup/startup_stm32f103rctx.s.obj
                0x08000754                RTC_Alarm_IRQHandler
                0x08000754                EXTI2_IRQHandler
                0x08000754                TIM8_TRG_COM_IRQHandler
                0x08000754                TIM8_CC_IRQHandler
                0x08000754                TIM1_CC_IRQHandler
                0x08000754                TIM6_IRQHandler
                0x08000754                PVD_IRQHandler
                0x08000754                SDIO_IRQHandler
                0x08000754                EXTI3_IRQHandler
                0x08000754                EXTI0_IRQHandler
                0x08000754                I2C2_EV_IRQHandler
                0x08000754                ADC1_2_IRQHandler
                0x08000754                SPI1_IRQHandler
                0x08000754                TAMPER_IRQHandler
                0x08000754                TIM8_UP_IRQHandler
                0x08000754                DMA2_Channel2_IRQHandler
                0x08000754                DMA1_Channel4_IRQHandler
                0x08000754                USART3_IRQHandler
                0x08000754                RTC_IRQHandler
                0x08000754                DMA1_Channel7_IRQHandler
                0x08000754                CAN1_RX1_IRQHandler
                0x08000754                UART5_IRQHandler
                0x08000754                ADC3_IRQHandler
                0x08000754                TIM4_IRQHandler
                0x08000754                DMA2_Channel1_IRQHandler
                0x08000754                I2C1_EV_IRQHandler
                0x08000754                DMA1_Channel6_IRQHandler
                0x08000754                UART4_IRQHandler
                0x08000754                TIM3_IRQHandler
                0x08000754                RCC_IRQHandler
                0x08000754                TIM1_TRG_COM_IRQHandler
                0x08000754                DMA1_Channel1_IRQHandler
                0x08000754                Default_Handler
                0x08000754                EXTI15_10_IRQHandler
                0x08000754                TIM7_IRQHandler
                0x08000754                TIM5_IRQHandler
                0x08000754                EXTI9_5_IRQHandler
                0x08000754                SPI2_IRQHandler
                0x08000754                DMA1_Channel5_IRQHandler
                0x08000754                EXTI4_IRQHandler
                0x08000754                USB_LP_CAN1_RX0_IRQHandler
                0x08000754                USB_HP_CAN1_TX_IRQHandler
                0x08000754                DMA1_Channel3_IRQHandler
                0x08000754                FSMC_IRQHandler
                0x08000754                TIM1_UP_IRQHandler
                0x08000754                WWDG_IRQHandler
                0x08000754                TIM2_IRQHandler
                0x08000754                TIM1_BRK_IRQHandler
                0x08000754                EXTI1_IRQHandler
                0x08000754                DMA2_Channel4_5_IRQHandler
                0x08000754                USART2_IRQHandler
                0x08000754                I2C2_ER_IRQHandler
                0x08000754                DMA1_Channel2_IRQHandler
                0x08000754                TIM8_BRK_IRQHandler
                0x08000754                CAN1_SCE_IRQHandler
                0x08000754                FLASH_IRQHandler
                0x08000754                USART1_IRQHandler
                0x08000754                SPI3_IRQHandler
                0x08000754                I2C1_ER_IRQHandler
                0x08000754                USBWakeUp_IRQHandler
                0x08000754                DMA2_Channel3_IRQHandler
 *fill*         0x08000756        0x2 
 .text.HAL_InitTick
                0x08000758       0x4c CMakeFiles/oled.elf.dir/Drivers/STM32F1xx_HAL_Driver/Src/stm32f1xx_hal.c.obj
                0x08000758                HAL_InitTick
 .text.HAL_Init
                0x080007a4       0x24 CMakeFiles/oled.elf.dir/Drivers/STM32F1xx_HAL_Driver/Src/stm32f1xx_hal.c.obj
                0x080007a4                HAL_Init
 .text.HAL_IncTick
                0x080007c8       0x18 CMakeFiles/oled.elf.dir/Drivers/STM32F1xx_HAL_Driver/Src/stm32f1xx_hal.c.obj
                0x080007c8                HAL_IncTick
 .text.HAL_GetTick
                0x080007e0        0xc CMakeFiles/oled.elf.dir/Drivers/STM32F1xx_HAL_Driver/Src/stm32f1xx_hal.c.obj
                0x080007e0                HAL_GetTick
 .text.HAL_Delay
                0x080007ec       0x28 CMakeFiles/oled.elf.dir/Drivers/STM32F1xx_HAL_Driver/Src/stm32f1xx_hal.c.obj
                0x080007ec                HAL_Delay
 .text.HAL_NVIC_SetPriorityGrouping
                0x08000814       0x24 CMakeFiles/oled.elf.dir/Drivers/STM32F1xx_HAL_Driver/Src/stm32f1xx_hal_cortex.c.obj
                0x08000814                HAL_NVIC_SetPriorityGrouping
 .text.HAL_NVIC_SetPriority
                0x08000838       0x70 CMakeFiles/oled.elf.dir/Drivers/STM32F1xx_HAL_Driver/Src/stm32f1xx_hal_cortex.c.obj
                0x08000838                HAL_NVIC_SetPriority
 .text.HAL_SYSTICK_Config
                0x080008a8       0x28 CMakeFiles/oled.elf.dir/Drivers/STM32F1xx_HAL_Driver/Src/stm32f1xx_hal_cortex.c.obj
                0x080008a8                HAL_SYSTICK_Config
 .text.HAL_GPIO_Init
                0x080008d0      0x240 CMakeFiles/oled.elf.dir/Drivers/STM32F1xx_HAL_Driver/Src/stm32f1xx_hal_gpio.c.obj
                0x080008d0                HAL_GPIO_Init
 .text.HAL_GPIO_WritePin
                0x08000b10        0xc CMakeFiles/oled.elf.dir/Drivers/STM32F1xx_HAL_Driver/Src/stm32f1xx_hal_gpio.c.obj
                0x08000b10                HAL_GPIO_WritePin
 .text.RCC_Delay
                0x08000b1c       0x2c CMakeFiles/oled.elf.dir/Drivers/STM32F1xx_HAL_Driver/Src/stm32f1xx_hal_rcc.c.obj
 .text.HAL_RCC_OscConfig
                0x08000b48      0x410 CMakeFiles/oled.elf.dir/Drivers/STM32F1xx_HAL_Driver/Src/stm32f1xx_hal_rcc.c.obj
                0x08000b48                HAL_RCC_OscConfig
 .text.HAL_RCC_GetSysClockFreq
                0x08000f58       0x54 CMakeFiles/oled.elf.dir/Drivers/STM32F1xx_HAL_Driver/Src/stm32f1xx_hal_rcc.c.obj
                0x08000f58                HAL_RCC_GetSysClockFreq
 .text.HAL_RCC_ClockConfig
                0x08000fac      0x16c CMakeFiles/oled.elf.dir/Drivers/STM32F1xx_HAL_Driver/Src/stm32f1xx_hal_rcc.c.obj
                0x08000fac                HAL_RCC_ClockConfig
 .text.__libc_init_array
                0x08001118       0x48 d:/clion_stm32/gcc_arm_none_eabi/gcc-arm-none-eabi-10.3-2021.10/bin/../lib/gcc/arm-none-eabi/10.3.1/../../../../arm-none-eabi/lib/thumb/v7-m/nofp\libg.a(lib_a-init.o)
                0x08001118                __libc_init_array
 .text.memset   0x08001160       0xa4 d:/clion_stm32/gcc_arm_none_eabi/gcc-arm-none-eabi-10.3-2021.10/bin/../lib/gcc/arm-none-eabi/10.3.1/../../../../arm-none-eabi/lib/thumb/v7-m/nofp\libg.a(lib_a-memset.o)
                0x08001160                memset
 .text.startup.register_fini
                0x08001204       0x14 d:/clion_stm32/gcc_arm_none_eabi/gcc-arm-none-eabi-10.3-2021.10/bin/../lib/gcc/arm-none-eabi/10.3.1/../../../../arm-none-eabi/lib/thumb/v7-m/nofp\libg.a(lib_a-__call_atexit.o)
 .text.atexit   0x08001218        0xc d:/clion_stm32/gcc_arm_none_eabi/gcc-arm-none-eabi-10.3-2021.10/bin/../lib/gcc/arm-none-eabi/10.3.1/../../../../arm-none-eabi/lib/thumb/v7-m/nofp\libg.a(lib_a-atexit.o)
                0x08001218                atexit
 .text.__libc_fini_array
                0x08001224       0x2c d:/clion_stm32/gcc_arm_none_eabi/gcc-arm-none-eabi-10.3-2021.10/bin/../lib/gcc/arm-none-eabi/10.3.1/../../../../arm-none-eabi/lib/thumb/v7-m/nofp\libg.a(lib_a-fini.o)
                0x08001224                __libc_fini_array
 .text.__retarget_lock_acquire_recursive
                0x08001250        0x4 d:/clion_stm32/gcc_arm_none_eabi/gcc-arm-none-eabi-10.3-2021.10/bin/../lib/gcc/arm-none-eabi/10.3.1/../../../../arm-none-eabi/lib/thumb/v7-m/nofp\libg.a(lib_a-lock.o)
                0x08001250                __retarget_lock_acquire_recursive
 .text.__retarget_lock_release_recursive
                0x08001254        0x4 d:/clion_stm32/gcc_arm_none_eabi/gcc-arm-none-eabi-10.3-2021.10/bin/../lib/gcc/arm-none-eabi/10.3.1/../../../../arm-none-eabi/lib/thumb/v7-m/nofp\libg.a(lib_a-lock.o)
                0x08001254                __retarget_lock_release_recursive
 .text.__register_exitproc
                0x08001258       0x8c d:/clion_stm32/gcc_arm_none_eabi/gcc-arm-none-eabi-10.3-2021.10/bin/../lib/gcc/arm-none-eabi/10.3.1/../../../../arm-none-eabi/lib/thumb/v7-m/nofp\libg.a(lib_a-__atexit.o)
                0x08001258                __register_exitproc
 *(.glue_7)
 .glue_7        0x080012e4        0x0 linker stubs
 *(.glue_7t)
 .glue_7t       0x080012e4        0x0 linker stubs
 *(.eh_frame)
 .eh_frame      0x080012e4        0x0 d:/clion_stm32/gcc_arm_none_eabi/gcc-arm-none-eabi-10.3-2021.10/bin/../lib/gcc/arm-none-eabi/10.3.1/thumb/v7-m/nofp/crtbegin.o
 *(.init)
 .init          0x080012e4        0x4 d:/clion_stm32/gcc_arm_none_eabi/gcc-arm-none-eabi-10.3-2021.10/bin/../lib/gcc/arm-none-eabi/10.3.1/thumb/v7-m/nofp/crti.o
                0x080012e4                _init
 .init          0x080012e8        0x8 d:/clion_stm32/gcc_arm_none_eabi/gcc-arm-none-eabi-10.3-2021.10/bin/../lib/gcc/arm-none-eabi/10.3.1/thumb/v7-m/nofp/crtn.o
 *(.fini)
 .fini          0x080012f0        0x4 d:/clion_stm32/gcc_arm_none_eabi/gcc-arm-none-eabi-10.3-2021.10/bin/../lib/gcc/arm-none-eabi/10.3.1/thumb/v7-m/nofp/crti.o
                0x080012f0                _fini
 .fini          0x080012f4        0x8 d:/clion_stm32/gcc_arm_none_eabi/gcc-arm-none-eabi-10.3-2021.10/bin/../lib/gcc/arm-none-eabi/10.3.1/thumb/v7-m/nofp/crtn.o
                0x080012fc                . = ALIGN (0x4)
                0x080012fc                _etext = .

.vfp11_veneer   0x080012fc        0x0
 .vfp11_veneer  0x080012fc        0x0 linker stubs

.v4_bx          0x080012fc        0x0
 .v4_bx         0x080012fc        0x0 linker stubs

.iplt           0x080012fc        0x0
 .iplt          0x080012fc        0x0 d:/clion_stm32/gcc_arm_none_eabi/gcc-arm-none-eabi-10.3-2021.10/bin/../lib/gcc/arm-none-eabi/10.3.1/thumb/v7-m/nofp/crtbegin.o

.rodata         0x080012fc      0x618
                0x080012fc                . = ALIGN (0x4)
 *(.rodata)
 *(.rodata*)
 .rodata.OLED_F8x16
                0x080012fc      0x5f0 CMakeFiles/oled.elf.dir/Core/OLED/oled.c.obj
                0x080012fc                OLED_F8x16
 .rodata.AHBPrescTable
                0x080018ec       0x10 CMakeFiles/oled.elf.dir/Core/Src/system_stm32f1xx.c.obj
                0x080018ec                AHBPrescTable
 .rodata.aPLLMULFactorTable.1
                0x080018fc       0x10 CMakeFiles/oled.elf.dir/Drivers/STM32F1xx_HAL_Driver/Src/stm32f1xx_hal_rcc.c.obj
 .rodata.aPredivFactorTable.0
                0x0800190c        0x2 CMakeFiles/oled.elf.dir/Drivers/STM32F1xx_HAL_Driver/Src/stm32f1xx_hal_rcc.c.obj
 *fill*         0x0800190e        0x2 
 .rodata._global_impure_ptr
                0x08001910        0x4 d:/clion_stm32/gcc_arm_none_eabi/gcc-arm-none-eabi-10.3-2021.10/bin/../lib/gcc/arm-none-eabi/10.3.1/../../../../arm-none-eabi/lib/thumb/v7-m/nofp\libg.a(lib_a-impure.o)
                0x08001910                _global_impure_ptr
                0x08001914                . = ALIGN (0x4)

.rel.dyn        0x08001914        0x0
 .rel.iplt      0x08001914        0x0 d:/clion_stm32/gcc_arm_none_eabi/gcc-arm-none-eabi-10.3-2021.10/bin/../lib/gcc/arm-none-eabi/10.3.1/thumb/v7-m/nofp/crtbegin.o

.ARM.extab      0x08001914        0x0
                0x08001914                . = ALIGN (0x4)
 *(.ARM.extab* .gnu.linkonce.armextab.*)
                0x08001914                . = ALIGN (0x4)

.ARM            0x08001914        0x0
                0x08001914                . = ALIGN (0x4)
                0x08001914                __exidx_start = .
 *(.ARM.exidx*)
                0x08001914                __exidx_end = .
                0x08001914                . = ALIGN (0x4)

.preinit_array  0x08001914        0x0
                0x08001914                . = ALIGN (0x4)
                0x08001914                PROVIDE (__preinit_array_start = .)
 *(.preinit_array*)
                0x08001914                PROVIDE (__preinit_array_end = .)
                0x08001914                . = ALIGN (0x4)

.init_array     0x08001914        0x8
                0x08001914                . = ALIGN (0x4)
                0x08001914                PROVIDE (__init_array_start = .)
 *(SORT_BY_NAME(.init_array.*))
 .init_array.00000
                0x08001914        0x4 d:/clion_stm32/gcc_arm_none_eabi/gcc-arm-none-eabi-10.3-2021.10/bin/../lib/gcc/arm-none-eabi/10.3.1/../../../../arm-none-eabi/lib/thumb/v7-m/nofp\libg.a(lib_a-__call_atexit.o)
 *(.init_array*)
 .init_array    0x08001918        0x4 d:/clion_stm32/gcc_arm_none_eabi/gcc-arm-none-eabi-10.3-2021.10/bin/../lib/gcc/arm-none-eabi/10.3.1/thumb/v7-m/nofp/crtbegin.o
                0x0800191c                PROVIDE (__init_array_end = .)
                0x0800191c                . = ALIGN (0x4)

.fini_array     0x0800191c        0x4
                0x0800191c                . = ALIGN (0x4)
                0x0800191c                PROVIDE (__fini_array_start = .)
 *(SORT_BY_NAME(.fini_array.*))
 *(.fini_array*)
 .fini_array    0x0800191c        0x4 d:/clion_stm32/gcc_arm_none_eabi/gcc-arm-none-eabi-10.3-2021.10/bin/../lib/gcc/arm-none-eabi/10.3.1/thumb/v7-m/nofp/crtbegin.o
                0x08001920                PROVIDE (__fini_array_end = .)
                0x08001920                . = ALIGN (0x4)
                0x08001920                _sidata = LOADADDR (.data)

.data           0x20000000      0x43c load address 0x08001920
                0x20000000                . = ALIGN (0x4)
                0x20000000                _sdata = .
 *(.data)
 *(.data*)
 .data.SystemCoreClock
                0x20000000        0x4 CMakeFiles/oled.elf.dir/Core/Src/system_stm32f1xx.c.obj
                0x20000000                SystemCoreClock
 .data.uwTickFreq
                0x20000004        0x1 CMakeFiles/oled.elf.dir/Drivers/STM32F1xx_HAL_Driver/Src/stm32f1xx_hal.c.obj
                0x20000004                uwTickFreq
 *fill*         0x20000005        0x3 
 .data.uwTickPrio
                0x20000008        0x4 CMakeFiles/oled.elf.dir/Drivers/STM32F1xx_HAL_Driver/Src/stm32f1xx_hal.c.obj
                0x20000008                uwTickPrio
 *fill*         0x2000000c        0x4 
 .data.impure_data
                0x20000010      0x428 d:/clion_stm32/gcc_arm_none_eabi/gcc-arm-none-eabi-10.3-2021.10/bin/../lib/gcc/arm-none-eabi/10.3.1/../../../../arm-none-eabi/lib/thumb/v7-m/nofp\libg.a(lib_a-impure.o)
 .data.__atexit_recursive_mutex
                0x20000438        0x4 d:/clion_stm32/gcc_arm_none_eabi/gcc-arm-none-eabi-10.3-2021.10/bin/../lib/gcc/arm-none-eabi/10.3.1/../../../../arm-none-eabi/lib/thumb/v7-m/nofp\libg.a(lib_a-__call_atexit.o)
                0x20000438                __atexit_recursive_mutex
 *(.RamFunc)
 *(.RamFunc*)
                0x2000043c                . = ALIGN (0x4)
                0x2000043c                _edata = .

.igot.plt       0x2000043c        0x0 load address 0x08001d5c
 .igot.plt      0x2000043c        0x0 d:/clion_stm32/gcc_arm_none_eabi/gcc-arm-none-eabi-10.3-2021.10/bin/../lib/gcc/arm-none-eabi/10.3.1/thumb/v7-m/nofp/crtbegin.o
                0x2000043c                . = ALIGN (0x4)

.bss            0x2000043c       0x24 load address 0x08001d5c
                0x2000043c                _sbss = .
                0x2000043c                __bss_start__ = _sbss
 *(.bss)
 .bss           0x2000043c       0x1c d:/clion_stm32/gcc_arm_none_eabi/gcc-arm-none-eabi-10.3-2021.10/bin/../lib/gcc/arm-none-eabi/10.3.1/thumb/v7-m/nofp/crtbegin.o
 *(.bss*)
 .bss.uwTick    0x20000458        0x4 CMakeFiles/oled.elf.dir/Drivers/STM32F1xx_HAL_Driver/Src/stm32f1xx_hal.c.obj
                0x20000458                uwTick
 .bss.__lock___atexit_recursive_mutex
                0x2000045c        0x1 d:/clion_stm32/gcc_arm_none_eabi/gcc-arm-none-eabi-10.3-2021.10/bin/../lib/gcc/arm-none-eabi/10.3.1/../../../../arm-none-eabi/lib/thumb/v7-m/nofp\libg.a(lib_a-lock.o)
                0x2000045c                __lock___atexit_recursive_mutex
 *(COMMON)
                0x20000460                . = ALIGN (0x4)
 *fill*         0x2000045d        0x3 
                0x20000460                _ebss = .
                0x20000460                __bss_end__ = _ebss

._user_heap_stack
                0x20000460      0x600 load address 0x08001d5c
                0x20000460                . = ALIGN (0x8)
                [!provide]                PROVIDE (end = .)
                0x20000460                PROVIDE (_end = .)
                0x20000660                . = (. + _Min_Heap_Size)
 *fill*         0x20000460      0x200 
                0x20000a60                . = (. + _Min_Stack_Size)
 *fill*         0x20000660      0x400 
                0x20000a60                . = ALIGN (0x8)

/DISCARD/
 libc.a(*)
 libm.a(*)
 libgcc.a(*)

.ARM.attributes
                0x00000000       0x29
 *(.ARM.attributes)
 .ARM.attributes
                0x00000000       0x1d d:/clion_stm32/gcc_arm_none_eabi/gcc-arm-none-eabi-10.3-2021.10/bin/../lib/gcc/arm-none-eabi/10.3.1/thumb/v7-m/nofp/crti.o
 .ARM.attributes
                0x0000001d       0x2d d:/clion_stm32/gcc_arm_none_eabi/gcc-arm-none-eabi-10.3-2021.10/bin/../lib/gcc/arm-none-eabi/10.3.1/thumb/v7-m/nofp/crtbegin.o
 .ARM.attributes
                0x0000004a       0x2d CMakeFiles/oled.elf.dir/Core/OLED/oled.c.obj
 .ARM.attributes
                0x00000077       0x2d CMakeFiles/oled.elf.dir/Core/Src/gpio.c.obj
 .ARM.attributes
                0x000000a4       0x2d CMakeFiles/oled.elf.dir/Core/Src/main.c.obj
 .ARM.attributes
                0x000000d1       0x2d CMakeFiles/oled.elf.dir/Core/Src/stm32f1xx_hal_msp.c.obj
 .ARM.attributes
                0x000000fe       0x2d CMakeFiles/oled.elf.dir/Core/Src/stm32f1xx_it.c.obj
 .ARM.attributes
                0x0000012b       0x2d CMakeFiles/oled.elf.dir/Core/Src/system_stm32f1xx.c.obj
 .ARM.attributes
                0x00000158       0x21 CMakeFiles/oled.elf.dir/Core/Startup/startup_stm32f103rctx.s.obj
 .ARM.attributes
                0x00000179       0x2d CMakeFiles/oled.elf.dir/Drivers/STM32F1xx_HAL_Driver/Src/stm32f1xx_hal.c.obj
 .ARM.attributes
                0x000001a6       0x2d CMakeFiles/oled.elf.dir/Drivers/STM32F1xx_HAL_Driver/Src/stm32f1xx_hal_cortex.c.obj
 .ARM.attributes
                0x000001d3       0x2d CMakeFiles/oled.elf.dir/Drivers/STM32F1xx_HAL_Driver/Src/stm32f1xx_hal_gpio.c.obj
 .ARM.attributes
                0x00000200       0x2d CMakeFiles/oled.elf.dir/Drivers/STM32F1xx_HAL_Driver/Src/stm32f1xx_hal_rcc.c.obj
 .ARM.attributes
                0x0000022d       0x2d d:/clion_stm32/gcc_arm_none_eabi/gcc-arm-none-eabi-10.3-2021.10/bin/../lib/gcc/arm-none-eabi/10.3.1/../../../../arm-none-eabi/lib/thumb/v7-m/nofp\libg.a(lib_a-impure.o)
 .ARM.attributes
                0x0000025a       0x2d d:/clion_stm32/gcc_arm_none_eabi/gcc-arm-none-eabi-10.3-2021.10/bin/../lib/gcc/arm-none-eabi/10.3.1/../../../../arm-none-eabi/lib/thumb/v7-m/nofp\libg.a(lib_a-init.o)
 .ARM.attributes
                0x00000287       0x2d d:/clion_stm32/gcc_arm_none_eabi/gcc-arm-none-eabi-10.3-2021.10/bin/../lib/gcc/arm-none-eabi/10.3.1/../../../../arm-none-eabi/lib/thumb/v7-m/nofp\libg.a(lib_a-memset.o)
 .ARM.attributes
                0x000002b4       0x2d d:/clion_stm32/gcc_arm_none_eabi/gcc-arm-none-eabi-10.3-2021.10/bin/../lib/gcc/arm-none-eabi/10.3.1/../../../../arm-none-eabi/lib/thumb/v7-m/nofp\libg.a(lib_a-__call_atexit.o)
 .ARM.attributes
                0x000002e1       0x2d d:/clion_stm32/gcc_arm_none_eabi/gcc-arm-none-eabi-10.3-2021.10/bin/../lib/gcc/arm-none-eabi/10.3.1/../../../../arm-none-eabi/lib/thumb/v7-m/nofp\libg.a(lib_a-atexit.o)
 .ARM.attributes
                0x0000030e       0x2d d:/clion_stm32/gcc_arm_none_eabi/gcc-arm-none-eabi-10.3-2021.10/bin/../lib/gcc/arm-none-eabi/10.3.1/../../../../arm-none-eabi/lib/thumb/v7-m/nofp\libg.a(lib_a-fini.o)
 .ARM.attributes
                0x0000033b       0x2d d:/clion_stm32/gcc_arm_none_eabi/gcc-arm-none-eabi-10.3-2021.10/bin/../lib/gcc/arm-none-eabi/10.3.1/../../../../arm-none-eabi/lib/thumb/v7-m/nofp\libg.a(lib_a-lock.o)
 .ARM.attributes
                0x00000368       0x2d d:/clion_stm32/gcc_arm_none_eabi/gcc-arm-none-eabi-10.3-2021.10/bin/../lib/gcc/arm-none-eabi/10.3.1/../../../../arm-none-eabi/lib/thumb/v7-m/nofp\libg.a(lib_a-__atexit.o)
 .ARM.attributes
                0x00000395       0x1d d:/clion_stm32/gcc_arm_none_eabi/gcc-arm-none-eabi-10.3-2021.10/bin/../lib/gcc/arm-none-eabi/10.3.1/thumb/v7-m/nofp/crtn.o
OUTPUT(oled.elf elf32-littlearm)
LOAD linker stubs
LOAD d:/clion_stm32/gcc_arm_none_eabi/gcc-arm-none-eabi-10.3-2021.10/bin/../lib/gcc/arm-none-eabi/10.3.1/../../../../arm-none-eabi/lib/thumb/v7-m/nofp\libc.a
LOAD d:/clion_stm32/gcc_arm_none_eabi/gcc-arm-none-eabi-10.3-2021.10/bin/../lib/gcc/arm-none-eabi/10.3.1/../../../../arm-none-eabi/lib/thumb/v7-m/nofp\libm.a
LOAD d:/clion_stm32/gcc_arm_none_eabi/gcc-arm-none-eabi-10.3-2021.10/bin/../lib/gcc/arm-none-eabi/10.3.1/thumb/v7-m/nofp\libgcc.a

.debug_info     0x00000000     0x4635
 .debug_info    0x00000000     0x11df CMakeFiles/oled.elf.dir/Core/OLED/oled.c.obj
 .debug_info    0x000011df      0x34b CMakeFiles/oled.elf.dir/Core/Src/gpio.c.obj
 .debug_info    0x0000152a      0x4b8 CMakeFiles/oled.elf.dir/Core/Src/main.c.obj
 .debug_info    0x000019e2      0x211 CMakeFiles/oled.elf.dir/Core/Src/stm32f1xx_hal_msp.c.obj
 .debug_info    0x00001bf3      0x130 CMakeFiles/oled.elf.dir/Core/Src/stm32f1xx_it.c.obj
 .debug_info    0x00001d23      0x248 CMakeFiles/oled.elf.dir/Core/Src/system_stm32f1xx.c.obj
 .debug_info    0x00001f6b       0x22 CMakeFiles/oled.elf.dir/Core/Startup/startup_stm32f103rctx.s.obj
 .debug_info    0x00001f8d      0x80e CMakeFiles/oled.elf.dir/Drivers/STM32F1xx_HAL_Driver/Src/stm32f1xx_hal.c.obj
 .debug_info    0x0000279b      0xdf0 CMakeFiles/oled.elf.dir/Drivers/STM32F1xx_HAL_Driver/Src/stm32f1xx_hal_cortex.c.obj
 .debug_info    0x0000358b      0x66f CMakeFiles/oled.elf.dir/Drivers/STM32F1xx_HAL_Driver/Src/stm32f1xx_hal_gpio.c.obj
 .debug_info    0x00003bfa      0xa3b CMakeFiles/oled.elf.dir/Drivers/STM32F1xx_HAL_Driver/Src/stm32f1xx_hal_rcc.c.obj

.debug_abbrev   0x00000000     0x118d
 .debug_abbrev  0x00000000      0x25b CMakeFiles/oled.elf.dir/Core/OLED/oled.c.obj
 .debug_abbrev  0x0000025b      0x13c CMakeFiles/oled.elf.dir/Core/Src/gpio.c.obj
 .debug_abbrev  0x00000397      0x1ae CMakeFiles/oled.elf.dir/Core/Src/main.c.obj
 .debug_abbrev  0x00000545       0xe5 CMakeFiles/oled.elf.dir/Core/Src/stm32f1xx_hal_msp.c.obj
 .debug_abbrev  0x0000062a       0x7e CMakeFiles/oled.elf.dir/Core/Src/stm32f1xx_it.c.obj
 .debug_abbrev  0x000006a8      0x13e CMakeFiles/oled.elf.dir/Core/Src/system_stm32f1xx.c.obj
 .debug_abbrev  0x000007e6       0x12 CMakeFiles/oled.elf.dir/Core/Startup/startup_stm32f103rctx.s.obj
 .debug_abbrev  0x000007f8      0x1f4 CMakeFiles/oled.elf.dir/Drivers/STM32F1xx_HAL_Driver/Src/stm32f1xx_hal.c.obj
 .debug_abbrev  0x000009ec      0x341 CMakeFiles/oled.elf.dir/Drivers/STM32F1xx_HAL_Driver/Src/stm32f1xx_hal_cortex.c.obj
 .debug_abbrev  0x00000d2d      0x1e6 CMakeFiles/oled.elf.dir/Drivers/STM32F1xx_HAL_Driver/Src/stm32f1xx_hal_gpio.c.obj
 .debug_abbrev  0x00000f13      0x27a CMakeFiles/oled.elf.dir/Drivers/STM32F1xx_HAL_Driver/Src/stm32f1xx_hal_rcc.c.obj

.debug_loc      0x00000000     0x1e60
 .debug_loc     0x00000000      0xa57 CMakeFiles/oled.elf.dir/Core/OLED/oled.c.obj
 .debug_loc     0x00000a57       0x15 CMakeFiles/oled.elf.dir/Core/Src/stm32f1xx_hal_msp.c.obj
 .debug_loc     0x00000a6c       0xff CMakeFiles/oled.elf.dir/Core/Src/system_stm32f1xx.c.obj
 .debug_loc     0x00000b6b      0x141 CMakeFiles/oled.elf.dir/Drivers/STM32F1xx_HAL_Driver/Src/stm32f1xx_hal.c.obj
 .debug_loc     0x00000cac      0x71f CMakeFiles/oled.elf.dir/Drivers/STM32F1xx_HAL_Driver/Src/stm32f1xx_hal_cortex.c.obj
 .debug_loc     0x000013cb      0x47d CMakeFiles/oled.elf.dir/Drivers/STM32F1xx_HAL_Driver/Src/stm32f1xx_hal_gpio.c.obj
 .debug_loc     0x00001848      0x618 CMakeFiles/oled.elf.dir/Drivers/STM32F1xx_HAL_Driver/Src/stm32f1xx_hal_rcc.c.obj

.debug_aranges  0x00000000      0x430
 .debug_aranges
                0x00000000       0xb8 CMakeFiles/oled.elf.dir/Core/OLED/oled.c.obj
 .debug_aranges
                0x000000b8       0x20 CMakeFiles/oled.elf.dir/Core/Src/gpio.c.obj
 .debug_aranges
                0x000000d8       0x30 CMakeFiles/oled.elf.dir/Core/Src/main.c.obj
 .debug_aranges
                0x00000108       0x20 CMakeFiles/oled.elf.dir/Core/Src/stm32f1xx_hal_msp.c.obj
 .debug_aranges
                0x00000128       0x60 CMakeFiles/oled.elf.dir/Core/Src/stm32f1xx_it.c.obj
 .debug_aranges
                0x00000188       0x28 CMakeFiles/oled.elf.dir/Core/Src/system_stm32f1xx.c.obj
 .debug_aranges
                0x000001b0       0x28 CMakeFiles/oled.elf.dir/Core/Startup/startup_stm32f103rctx.s.obj
 .debug_aranges
                0x000001d8       0xe0 CMakeFiles/oled.elf.dir/Drivers/STM32F1xx_HAL_Driver/Src/stm32f1xx_hal.c.obj
 .debug_aranges
                0x000002b8       0x90 CMakeFiles/oled.elf.dir/Drivers/STM32F1xx_HAL_Driver/Src/stm32f1xx_hal_cortex.c.obj
 .debug_aranges
                0x00000348       0x58 CMakeFiles/oled.elf.dir/Drivers/STM32F1xx_HAL_Driver/Src/stm32f1xx_hal_gpio.c.obj
 .debug_aranges
                0x000003a0       0x90 CMakeFiles/oled.elf.dir/Drivers/STM32F1xx_HAL_Driver/Src/stm32f1xx_hal_rcc.c.obj

.debug_ranges   0x00000000      0x438
 .debug_ranges  0x00000000       0xd8 CMakeFiles/oled.elf.dir/Core/OLED/oled.c.obj
 .debug_ranges  0x000000d8       0x10 CMakeFiles/oled.elf.dir/Core/Src/gpio.c.obj
 .debug_ranges  0x000000e8       0x20 CMakeFiles/oled.elf.dir/Core/Src/main.c.obj
 .debug_ranges  0x00000108       0x10 CMakeFiles/oled.elf.dir/Core/Src/stm32f1xx_hal_msp.c.obj
 .debug_ranges  0x00000118       0x50 CMakeFiles/oled.elf.dir/Core/Src/stm32f1xx_it.c.obj
 .debug_ranges  0x00000168       0x18 CMakeFiles/oled.elf.dir/Core/Src/system_stm32f1xx.c.obj
 .debug_ranges  0x00000180       0x20 CMakeFiles/oled.elf.dir/Core/Startup/startup_stm32f103rctx.s.obj
 .debug_ranges  0x000001a0       0xd0 CMakeFiles/oled.elf.dir/Drivers/STM32F1xx_HAL_Driver/Src/stm32f1xx_hal.c.obj
 .debug_ranges  0x00000270       0xe0 CMakeFiles/oled.elf.dir/Drivers/STM32F1xx_HAL_Driver/Src/stm32f1xx_hal_cortex.c.obj
 .debug_ranges  0x00000350       0x48 CMakeFiles/oled.elf.dir/Drivers/STM32F1xx_HAL_Driver/Src/stm32f1xx_hal_gpio.c.obj
 .debug_ranges  0x00000398       0xa0 CMakeFiles/oled.elf.dir/Drivers/STM32F1xx_HAL_Driver/Src/stm32f1xx_hal_rcc.c.obj

.debug_line     0x00000000     0x3467
 .debug_line    0x00000000      0x9fa CMakeFiles/oled.elf.dir/Core/OLED/oled.c.obj
 .debug_line    0x000009fa      0x22b CMakeFiles/oled.elf.dir/Core/Src/gpio.c.obj
 .debug_line    0x00000c25      0x3c2 CMakeFiles/oled.elf.dir/Core/Src/main.c.obj
 .debug_line    0x00000fe7      0x19d CMakeFiles/oled.elf.dir/Core/Src/stm32f1xx_hal_msp.c.obj
 .debug_line    0x00001184      0x199 CMakeFiles/oled.elf.dir/Core/Src/stm32f1xx_it.c.obj
 .debug_line    0x0000131d      0x266 CMakeFiles/oled.elf.dir/Core/Src/system_stm32f1xx.c.obj
 .debug_line    0x00001583       0x95 CMakeFiles/oled.elf.dir/Core/Startup/startup_stm32f103rctx.s.obj
 .debug_line    0x00001618      0x570 CMakeFiles/oled.elf.dir/Drivers/STM32F1xx_HAL_Driver/Src/stm32f1xx_hal.c.obj
 .debug_line    0x00001b88      0x66a CMakeFiles/oled.elf.dir/Drivers/STM32F1xx_HAL_Driver/Src/stm32f1xx_hal_cortex.c.obj
 .debug_line    0x000021f2      0x626 CMakeFiles/oled.elf.dir/Drivers/STM32F1xx_HAL_Driver/Src/stm32f1xx_hal_gpio.c.obj
 .debug_line    0x00002818      0xc4f CMakeFiles/oled.elf.dir/Drivers/STM32F1xx_HAL_Driver/Src/stm32f1xx_hal_rcc.c.obj

.debug_str      0x00000000     0x159b
 .debug_str     0x00000000      0x3c6 CMakeFiles/oled.elf.dir/Core/OLED/oled.c.obj
                                0x44b (size before relaxing)
 .debug_str     0x000003c6       0x2e CMakeFiles/oled.elf.dir/Core/Src/gpio.c.obj
                                0x297 (size before relaxing)
 .debug_str     0x000003f4      0x1d5 CMakeFiles/oled.elf.dir/Core/Src/main.c.obj
                                0x3d3 (size before relaxing)
 .debug_str     0x000005c9       0x68 CMakeFiles/oled.elf.dir/Core/Src/stm32f1xx_hal_msp.c.obj
                                0x239 (size before relaxing)
 .debug_str     0x00000631       0xc5 CMakeFiles/oled.elf.dir/Core/Src/stm32f1xx_it.c.obj
                                0x23c (size before relaxing)
 .debug_str     0x000006f6       0x8c CMakeFiles/oled.elf.dir/Core/Src/system_stm32f1xx.c.obj
                                0x26e (size before relaxing)
 .debug_str     0x00000782       0x44 CMakeFiles/oled.elf.dir/Core/Startup/startup_stm32f103rctx.s.obj
                                 0x67 (size before relaxing)
 .debug_str     0x000007c6      0x6e0 CMakeFiles/oled.elf.dir/Drivers/STM32F1xx_HAL_Driver/Src/stm32f1xx_hal.c.obj
                                0x922 (size before relaxing)
 .debug_str     0x00000ea6      0x3c9 CMakeFiles/oled.elf.dir/Drivers/STM32F1xx_HAL_Driver/Src/stm32f1xx_hal_cortex.c.obj
                                0x9d1 (size before relaxing)
 .debug_str     0x0000126f      0x12a CMakeFiles/oled.elf.dir/Drivers/STM32F1xx_HAL_Driver/Src/stm32f1xx_hal_gpio.c.obj
                                0x41a (size before relaxing)
 .debug_str     0x00001399      0x202 CMakeFiles/oled.elf.dir/Drivers/STM32F1xx_HAL_Driver/Src/stm32f1xx_hal_rcc.c.obj
                                0x645 (size before relaxing)

.comment        0x00000000       0x49
 .comment       0x00000000       0x49 CMakeFiles/oled.elf.dir/Core/OLED/oled.c.obj
                                 0x4a (size before relaxing)
 .comment       0x00000049       0x4a CMakeFiles/oled.elf.dir/Core/Src/gpio.c.obj
 .comment       0x00000049       0x4a CMakeFiles/oled.elf.dir/Core/Src/main.c.obj
 .comment       0x00000049       0x4a CMakeFiles/oled.elf.dir/Core/Src/stm32f1xx_hal_msp.c.obj
 .comment       0x00000049       0x4a CMakeFiles/oled.elf.dir/Core/Src/stm32f1xx_it.c.obj
 .comment       0x00000049       0x4a CMakeFiles/oled.elf.dir/Core/Src/system_stm32f1xx.c.obj
 .comment       0x00000049       0x4a CMakeFiles/oled.elf.dir/Drivers/STM32F1xx_HAL_Driver/Src/stm32f1xx_hal.c.obj
 .comment       0x00000049       0x4a CMakeFiles/oled.elf.dir/Drivers/STM32F1xx_HAL_Driver/Src/stm32f1xx_hal_cortex.c.obj
 .comment       0x00000049       0x4a CMakeFiles/oled.elf.dir/Drivers/STM32F1xx_HAL_Driver/Src/stm32f1xx_hal_gpio.c.obj
 .comment       0x00000049       0x4a CMakeFiles/oled.elf.dir/Drivers/STM32F1xx_HAL_Driver/Src/stm32f1xx_hal_rcc.c.obj

.debug_frame    0x00000000      0xb1c
 .debug_frame   0x00000000      0x258 CMakeFiles/oled.elf.dir/Core/OLED/oled.c.obj
 .debug_frame   0x00000258       0x34 CMakeFiles/oled.elf.dir/Core/Src/gpio.c.obj
 .debug_frame   0x0000028c       0x58 CMakeFiles/oled.elf.dir/Core/Src/main.c.obj
 .debug_frame   0x000002e4       0x28 CMakeFiles/oled.elf.dir/Core/Src/stm32f1xx_hal_msp.c.obj
 .debug_frame   0x0000030c       0xa8 CMakeFiles/oled.elf.dir/Core/Src/stm32f1xx_it.c.obj
 .debug_frame   0x000003b4       0x30 CMakeFiles/oled.elf.dir/Core/Src/system_stm32f1xx.c.obj
 .debug_frame   0x000003e4      0x1cc CMakeFiles/oled.elf.dir/Drivers/STM32F1xx_HAL_Driver/Src/stm32f1xx_hal.c.obj
 .debug_frame   0x000005b0      0x118 CMakeFiles/oled.elf.dir/Drivers/STM32F1xx_HAL_Driver/Src/stm32f1xx_hal_cortex.c.obj
 .debug_frame   0x000006c8       0xe4 CMakeFiles/oled.elf.dir/Drivers/STM32F1xx_HAL_Driver/Src/stm32f1xx_hal_gpio.c.obj
 .debug_frame   0x000007ac      0x184 CMakeFiles/oled.elf.dir/Drivers/STM32F1xx_HAL_Driver/Src/stm32f1xx_hal_rcc.c.obj
 .debug_frame   0x00000930       0x2c d:/clion_stm32/gcc_arm_none_eabi/gcc-arm-none-eabi-10.3-2021.10/bin/../lib/gcc/arm-none-eabi/10.3.1/../../../../arm-none-eabi/lib/thumb/v7-m/nofp\libg.a(lib_a-init.o)
 .debug_frame   0x0000095c       0x2c d:/clion_stm32/gcc_arm_none_eabi/gcc-arm-none-eabi-10.3-2021.10/bin/../lib/gcc/arm-none-eabi/10.3.1/../../../../arm-none-eabi/lib/thumb/v7-m/nofp\libg.a(lib_a-memset.o)
 .debug_frame   0x00000988       0x5c d:/clion_stm32/gcc_arm_none_eabi/gcc-arm-none-eabi-10.3-2021.10/bin/../lib/gcc/arm-none-eabi/10.3.1/../../../../arm-none-eabi/lib/thumb/v7-m/nofp\libg.a(lib_a-__call_atexit.o)
 .debug_frame   0x000009e4       0x20 d:/clion_stm32/gcc_arm_none_eabi/gcc-arm-none-eabi-10.3-2021.10/bin/../lib/gcc/arm-none-eabi/10.3.1/../../../../arm-none-eabi/lib/thumb/v7-m/nofp\libg.a(lib_a-atexit.o)
 .debug_frame   0x00000a04       0x34 d:/clion_stm32/gcc_arm_none_eabi/gcc-arm-none-eabi-10.3-2021.10/bin/../lib/gcc/arm-none-eabi/10.3.1/../../../../arm-none-eabi/lib/thumb/v7-m/nofp\libg.a(lib_a-fini.o)
 .debug_frame   0x00000a38       0xb0 d:/clion_stm32/gcc_arm_none_eabi/gcc-arm-none-eabi-10.3-2021.10/bin/../lib/gcc/arm-none-eabi/10.3.1/../../../../arm-none-eabi/lib/thumb/v7-m/nofp\libg.a(lib_a-lock.o)
 .debug_frame   0x00000ae8       0x34 d:/clion_stm32/gcc_arm_none_eabi/gcc-arm-none-eabi-10.3-2021.10/bin/../lib/gcc/arm-none-eabi/10.3.1/../../../../arm-none-eabi/lib/thumb/v7-m/nofp\libg.a(lib_a-__atexit.o)
